Opening log file:  /tmp/java.log.46638

                            < M A T L A B (R) >
                  Copyright 1984-2020 The MathWorks, Inc.
                  R2020a (9.8.0.1323502) 64-bit (glnxa64)
                             February 25, 2020

 
To get started, type doc.
For product information, visit www.mathworks.com.
 
Iteration: 1/10
Starting parallel pool (parpool) using the 'local' profile ...
Connected to the parallel pool (number of workers: 12).
Iteration: 2/10
Iteration: 3/10
Iteration: 4/10
Iteration: 5/10
Iteration: 6/10
Iteration: 7/10
Iteration: 8/10
Iteration: 9/10
Iteration: 10/10
Elapsed time is 4217.355028 seconds.
2020-11-11T132142
